2025-09-29 12:56:45.360 MSK [69225] LOG:  starting PostgreSQL 14.19 (Homebrew) on aarch64-apple-darwin23.6.0, compiled by Apple clang version 16.0.0 (clang-1600.0.26.6), 64-bit
2025-09-29 12:56:45.361 MSK [69225] LOG:  could not bind IPv6 address "::1": Address already in use
2025-09-29 12:56:45.361 MSK [69225] HINT:  Is another postmaster already running on port 5432? If not, wait a few seconds and retry.
2025-09-29 12:56:45.361 MSK [69225] LOG:  could not bind IPv4 address "127.0.0.1": Address already in use
2025-09-29 12:56:45.361 MSK [69225] HINT:  Is another postmaster already running on port 5432? If not, wait a few seconds and retry.
2025-09-29 12:56:45.361 MSK [69225] WARNING:  could not create listen socket for "localhost"
2025-09-29 12:56:45.361 MSK [69225] FATAL:  could not create any TCP/IP sockets
2025-09-29 12:56:45.361 MSK [69225] LOG:  database system is shut down
2025-09-29 12:57:37.540 MSK [69266] LOG:  starting PostgreSQL 14.19 (Homebrew) on aarch64-apple-darwin23.6.0, compiled by Apple clang version 16.0.0 (clang-1600.0.26.6), 64-bit
2025-09-29 12:57:37.544 MSK [69266] LOG:  could not bind IPv6 address "::1": Address already in use
2025-09-29 12:57:37.544 MSK [69266] HINT:  Is another postmaster already running on port 5432? If not, wait a few seconds and retry.
2025-09-29 12:57:37.544 MSK [69266] LOG:  could not bind IPv4 address "127.0.0.1": Address already in use
2025-09-29 12:57:37.544 MSK [69266] HINT:  Is another postmaster already running on port 5432? If not, wait a few seconds and retry.
2025-09-29 12:57:37.544 MSK [69266] WARNING:  could not create listen socket for "localhost"
2025-09-29 12:57:37.544 MSK [69266] FATAL:  could not create any TCP/IP sockets
2025-09-29 12:57:37.544 MSK [69266] LOG:  database system is shut down
2025-09-29 12:58:08.635 MSK [69301] LOG:  starting PostgreSQL 14.19 (Homebrew) on aarch64-apple-darwin23.6.0, compiled by Apple clang version 16.0.0 (clang-1600.0.26.6), 64-bit
2025-09-29 12:58:08.637 MSK [69301] LOG:  listening on IPv6 address "::1", port 5433
2025-09-29 12:58:08.637 MSK [69301] LOG:  listening on IPv4 address "127.0.0.1", port 5433
2025-09-29 12:58:08.637 MSK [69301] LOG:  listening on Unix socket "/tmp/.s.PGSQL.5433"
2025-09-29 12:58:08.639 MSK [69302] LOG:  database system was shut down at 2025-09-29 12:51:36 MSK
2025-09-29 12:58:08.641 MSK [69301] LOG:  database system is ready to accept connections
2025-09-29 13:01:02.446 MSK [69458] LOG:  invalid length of startup packet
2025-09-29 13:01:03.530 MSK [69462] LOG:  invalid length of startup packet
2025-09-29 13:01:03.927 MSK [69463] LOG:  invalid length of startup packet
2025-09-29 13:01:03.930 MSK [69465] LOG:  invalid length of startup packet
2025-09-29 13:01:03.933 MSK [69466] LOG:  invalid length of startup packet
2025-09-29 13:01:08.962 MSK [69470] LOG:  invalid length of startup packet
2025-09-29 13:01:38.989 MSK [69823] LOG:  invalid length of startup packet
2025-09-29 13:02:39.038 MSK [69833] LOG:  invalid length of startup packet
2025-09-29 13:05:48.269 MSK [70205] FATAL:  role "postgres" does not exist
2025-09-29 13:05:48.271 MSK [70206] FATAL:  role "postgres" does not exist
2025-09-29 13:06:32.094 MSK [70258] FATAL:  role "super_ostgres" does not exist
2025-09-29 13:06:32.096 MSK [70259] FATAL:  role "super_ostgres" does not exist
2025-09-29 13:06:39.304 MSK [70288] FATAL:  database "go_next_pizza" does not exist
2025-09-29 13:06:58.725 MSK [70332] FATAL:  role "postgres" does not exist
2025-09-29 13:06:58.727 MSK [70333] FATAL:  role "postgres" does not exist
2025-09-29 13:07:18.768 MSK [70357] FATAL:  database "go_next_pizza" does not exist
2025-09-29 13:10:05.410 MSK [70476] LOG:  invalid length of startup packet
2025-09-29 15:44:36.953 MSK [71435] ERROR:  current database cannot be renamed
2025-09-29 15:44:36.953 MSK [71435] STATEMENT:  ALTER DATABASE postgres RENAME TO go_next_pizza;
2025-09-29 16:02:20.743 MSK [72103] ERROR:  column "e87ae702-d3ae-4b5d-976e-587b1cb129cb" does not exist at character 58
2025-09-29 16:02:20.743 MSK [72103] STATEMENT:  INSERT INTO public.users(
		id, email, password)
		VALUES ("e87ae702-d3ae-4b5d-976e-587b1cb129cb", "email@email.com", "12345");
2025-09-29 16:02:56.970 MSK [72103] ERROR:  column "email@email.com" does not exist at character 58
2025-09-29 16:02:56.970 MSK [72103] STATEMENT:  INSERT INTO public.users(
		id, email, password)
		VALUES ("email@email.com", "12345");
2025-09-29 16:03:16.844 MSK [72103] ERROR:  null value in column "id" of relation "users" violates not-null constraint
2025-09-29 16:03:16.844 MSK [72103] DETAIL:  Failing row contains (null, u, h).
2025-09-29 16:03:16.844 MSK [72103] STATEMENT:  INSERT INTO users (email, password) 
	VALUES ('user@example.com', 'hashed_password');
2025-09-29 16:03:38.746 MSK [72103] ERROR:  duplicate key value violates unique constraint "users_pkey"
2025-09-29 16:03:38.746 MSK [72103] DETAIL:  Key (id, email)=(e87ae702-d3ae-4b5d-976e-587b1cb129cb, u) already exists.
2025-09-29 16:03:38.746 MSK [72103] STATEMENT:  INSERT INTO users (id, email, password) 
	VALUES ('e87ae702-d3ae-4b5d-976e-587b1cb129cb', 'user@example.com', 'hashed_password');
2025-09-29 16:18:40.760 MSK [72103] ERROR:  column "e87ae702-d3ae-4b5d-976e-587b1cb129ca" does not exist at character 50
2025-09-29 16:18:40.760 MSK [72103] STATEMENT:  INSERT INTO users (id, email, password) 
	VALUES ("e87ae702-d3ae-4b5d-976e-587b1cb129ca", "user1@example.com", "hashed_password");
